2026-09-08 01:17:37 [INFO] === Scraper run started ===
2026-09-08 01:17:37 [INFO] Starting download: https://raw.githubusercontent.com/sportlive18/jio-tv-auto-update-playlist/main/Sport.m3u
2026-09-08 01:17:37 [INFO] Download successful
2026-09-08 01:17:37 [INFO] Playlist saved to stv5.m3u
2026-09-08 01:17:37 [INFO] === Scraper run finished ===
2026-09-08 01:20:11 [INFO] === Scraper run started ===
2026-09-08 01:20:11 [INFO] Starting download: https://raw.githubusercontent.com/sportlive18/jio-tv-auto-update-playlist/main/Sport.m3u
2026-09-08 01:20:11 [INFO] Download successful
2026-09-08 01:20:11 [INFO] Playlist saved to stv5.m3u
2026-09-08 01:20:11 [INFO] === Scraper run finished ===
2026-09-08 01:29:54 [INFO] === Scraper run started ===
2026-09-08 01:29:54 [INFO] Starting download: https://raw.githubusercontent.com/sportlive18/jio-tv-auto-update-playlist/main/Sport.m3u
2026-09-08 01:29:54 [INFO] Download successful
2026-09-08 01:29:54 [INFO] Playlist saved to stv5.m3u
2026-09-08 01:29:54 [INFO] === Scraper run finished ===
2026-09-08 01:39:05 [INFO] === Scraper run started ===
2026-09-08 01:39:05 [INFO] Starting download: https://raw.githubusercontent.com/sportlive18/jio-tv-auto-update-playlist/main/Sport.m3u
2026-09-08 01:39:05 [INFO] Download successful
2026-09-08 01:39:05 [INFO] Playlist saved to stv5.m3u with 574 channels
2026-09-08 01:39:05 [INFO] === Scraper run finished ===
2026-09-08 01:40:30 [INFO] === Scraper run started ===
2026-09-08 01:40:30 [INFO] Starting download: https://raw.githubusercontent.com/sportlive18/jio-tv-auto-update-playlist/main/Sport.m3u
2026-09-08 01:40:30 [INFO] Download successful
2026-09-08 01:40:30 [INFO] Playlist saved to stv5.m3u
2026-09-08 01:40:30 [INFO] === Scraper run finished ===
2026-09-08 10:57:29 [INFO] === Scraper run started ===
2026-09-08 10:57:29 [INFO] Starting download: https://raw.githubusercontent.com/sportlive18/jio-tv-auto-update-playlist/main/Sport.m3u
2026-09-08 10:57:29 [INFO] Download successful
2026-09-08 10:57:29 [INFO] Playlist saved to stv5.m3u
2026-09-08 10:57:29 [INFO] === Scraper run finished ===
2026-09-08 16:22:18 [INFO] === Scraper run started ===
2026-09-08 16:22:18 [INFO] Starting download: https://raw.githubusercontent.com/sportlive18/jio-tv-auto-update-playlist/main/Sport.m3u
2026-09-08 16:22:19 [INFO] Download successful
2026-09-08 16:22:19 [INFO] Playlist saved to stv5.m3u
2026-09-08 16:22:19 [INFO] === Scraper run finished ===
2026-09-08 20:57:14 [INFO] === Scraper run started ===
2026-09-08 20:57:14 [INFO] Starting download: https://raw.githubusercontent.com/sportlive18/jio-tv-auto-update-playlist/main/Sport.m3u
2026-09-08 20:57:14 [INFO] Download successful
2026-09-08 20:57:14 [INFO] Playlist saved to stv5.m3u
2026-09-08 20:57:14 [INFO] === Scraper run finished ===
2026-09-09 04:01:44 [INFO] === Scraper run started ===
2026-09-09 04:01:44 [INFO] Starting download: https://raw.githubusercontent.com/sportlive18/jio-tv-auto-update-playlist/main/Sport.m3u
2026-09-09 04:01:44 [INFO] Download successful
2026-09-09 04:01:44 [INFO] Playlist saved to stv5.m3u
2026-09-09 04:01:44 [INFO] === Scraper run finished ===
2026-09-09 11:02:02 [INFO] === Scraper run started ===
2026-09-09 11:02:02 [INFO] Starting download: https://raw.githubusercontent.com/sportlive18/jio-tv-auto-update-playlist/main/Sport.m3u
2026-09-09 11:02:02 [INFO] Download successful
2026-09-09 11:02:02 [INFO] Playlist saved to stv5.m3u
2026-09-09 11:02:02 [INFO] === Scraper run finished ===
2026-09-09 16:17:28 [INFO] === Scraper run started ===
2026-09-09 16:17:28 [INFO] Starting download: https://raw.githubusercontent.com/sportlive18/jio-tv-auto-update-playlist/main/Sport.m3u
2026-09-09 16:17:29 [INFO] Download successful
2026-09-09 16:17:29 [INFO] Playlist saved to stv5.m3u
2026-09-09 16:17:29 [INFO] === Scraper run finished ===
2026-09-09 20:44:57 [INFO] === Scraper run started ===
2026-09-09 20:44:57 [INFO] Starting download: https://raw.githubusercontent.com/sportlive18/jio-tv-auto-update-playlist/main/Sport.m3u
2026-09-09 20:44:58 [INFO] Download successful
2026-09-09 20:44:58 [INFO] Playlist saved to stv5.m3u
2026-09-09 20:44:58 [INFO] === Scraper run finished ===
2026-09-10 04:00:19 [INFO] === Scraper run started ===
2026-09-10 04:00:19 [INFO] Starting download: https://raw.githubusercontent.com/sportlive18/jio-tv-auto-update-playlist/main/Sport.m3u
2026-09-10 04:00:19 [INFO] Download successful
2026-09-10 04:00:19 [INFO] Playlist saved to stv5.m3u
2026-09-10 04:00:19 [INFO] === Scraper run finished ===
2026-09-10 10:58:41 [INFO] === Scraper run started ===
2026-09-10 10:58:41 [INFO] Starting download: https://raw.githubusercontent.com/sportlive18/jio-tv-auto-update-playlist/main/Sport.m3u
2026-09-10 10:58:42 [INFO] Download successful
2026-09-10 10:58:42 [INFO] Playlist saved to stv5.m3u
2026-09-10 10:58:42 [INFO] === Scraper run finished ===
2026-09-10 16:08:53 [INFO] === Scraper run started ===
2026-09-10 16:08:53 [INFO] Starting download: https://raw.githubusercontent.com/sportlive18/jio-tv-auto-update-playlist/main/Sport.m3u
2026-09-10 16:08:54 [INFO] Download successful
2026-09-10 16:08:54 [INFO] Playlist saved to stv5.m3u
2026-09-10 16:08:54 [INFO] === Scraper run finished ===
2026-09-10 20:40:20 [INFO] === Scraper run started ===
2026-09-10 20:40:20 [INFO] Starting download: https://raw.githubusercontent.com/sportlive18/jio-tv-auto-update-playlist/main/Sport.m3u
2026-09-10 20:40:20 [INFO] Download successful
2026-09-10 20:40:20 [INFO] Playlist saved to stv5.m3u
2026-09-10 20:40:20 [INFO] === Scraper run finished ===
2026-09-11 03:57:25 [INFO] === Scraper run started ===
2026-09-11 03:57:25 [INFO] Starting download: https://raw.githubusercontent.com/sportlive18/jio-tv-auto-update-playlist/main/Sport.m3u
2026-09-11 03:57:25 [INFO] Download successful
2026-09-11 03:57:25 [INFO] Playlist saved to stv5.m3u
2026-09-11 03:57:25 [INFO] === Scraper run finished ===
2026-09-11 10:56:53 [INFO] === Scraper run started ===
2026-09-11 10:56:53 [INFO] Starting download: https://raw.githubusercontent.com/sportlive18/jio-tv-auto-update-playlist/main/Sport.m3u
2026-09-11 10:56:53 [INFO] Download successful
2026-09-11 10:56:53 [INFO] Playlist saved to stv5.m3u
2026-09-11 10:56:53 [INFO] === Scraper run finished ===
2026-09-11 16:12:13 [INFO] === Scraper run started ===
2026-09-11 16:12:13 [INFO] Starting download: https://raw.githubusercontent.com/sportlive18/jio-tv-auto-update-playlist/main/Sport.m3u
2026-09-11 16:12:13 [INFO] Download successful
2026-09-11 16:12:13 [INFO] Playlist saved to stv5.m3u
2026-09-11 16:12:13 [INFO] === Scraper run finished ===
2026-09-11 20:45:32 [INFO] === Scraper run started ===
2026-09-11 20:45:32 [INFO] Starting download: https://raw.githubusercontent.com/sportlive18/jio-tv-auto-update-playlist/main/Sport.m3u
2026-09-11 20:45:32 [INFO] Download successful
2026-09-11 20:45:32 [INFO] Playlist saved to stv5.m3u
2026-09-11 20:45:32 [INFO] === Scraper run finished ===
2026-09-12 03:59:14 [INFO] === Scraper run started ===
2026-09-12 03:59:14 [INFO] Starting download: https://raw.githubusercontent.com/sportlive18/jio-tv-auto-update-playlist/main/Sport.m3u
2026-09-12 03:59:15 [INFO] Download successful
2026-09-12 03:59:15 [INFO] Playlist saved to stv5.m3u
2026-09-12 03:59:15 [INFO] === Scraper run finished ===
2026-09-12 10:24:35 [INFO] === Scraper run started ===
2026-09-12 10:24:35 [INFO] Starting download: https://raw.githubusercontent.com/sportlive18/jio-tv-auto-update-playlist/main/Sport.m3u
2026-09-12 10:24:35 [INFO] Download successful
2026-09-12 10:24:35 [INFO] Playlist saved to stv5.m3u
2026-09-12 10:24:35 [INFO] === Scraper run finished ===
2026-09-12 15:19:08 [INFO] === Scraper run started ===
2026-09-12 15:19:08 [INFO] Starting download: https://raw.githubusercontent.com/sportlive18/jio-tv-auto-update-playlist/main/Sport.m3u
2026-09-12 15:19:08 [INFO] Download successful
2026-09-12 15:19:08 [INFO] Playlist saved to stv5.m3u
2026-09-12 15:19:08 [INFO] === Scraper run finished ===
2026-09-12 20:23:02 [INFO] === Scraper run started ===
2026-09-12 20:23:02 [INFO] Starting download: https://raw.githubusercontent.com/sportlive18/jio-tv-auto-update-playlist/main/Sport.m3u
2026-09-12 20:23:02 [INFO] Download successful
2026-09-12 20:23:02 [INFO] Playlist saved to stv5.m3u
2026-09-12 20:23:02 [INFO] === Scraper run finished ===
2026-09-13 04:19:15 [INFO] === Scraper run started ===
2026-09-13 04:19:15 [INFO] Starting download: https://raw.githubusercontent.com/sportlive18/jio-tv-auto-update-playlist/main/Sport.m3u
2026-09-13 04:19:16 [INFO] Download successful
2026-09-13 04:19:16 [INFO] Playlist saved to stv5.m3u
2026-09-13 04:19:16 [INFO] === Scraper run finished ===
2026-09-13 11:27:05 [INFO] === Scraper run started ===
2026-09-13 11:27:05 [INFO] Starting download: https://raw.githubusercontent.com/sportlive18/jio-tv-auto-update-playlist/main/Sport.m3u
2026-09-13 11:27:06 [INFO] Download successful
2026-09-13 11:27:06 [INFO] Playlist saved to stv5.m3u
2026-09-13 11:27:06 [INFO] === Scraper run finished ===
2026-09-13 15:55:59 [INFO] === Scraper run started ===
2026-09-13 15:55:59 [INFO] Starting download: https://raw.githubusercontent.com/sportlive18/jio-tv-auto-update-playlist/main/Sport.m3u
2026-09-13 15:55:59 [INFO] Download successful
2026-09-13 15:55:59 [INFO] Playlist saved to stv5.m3u
2026-09-13 15:55:59 [INFO] === Scraper run finished ===
2026-09-13 20:33:39 [INFO] === Scraper run started ===
2026-09-13 20:33:39 [INFO] Starting download: https://raw.githubusercontent.com/sportlive18/jio-tv-auto-update-playlist/main/Sport.m3u
2026-09-13 20:33:39 [INFO] Download successful
2026-09-13 20:33:39 [INFO] Playlist saved to stv5.m3u
2026-09-13 20:33:39 [INFO] === Scraper run finished ===
2026-09-14 04:17:01 [INFO] === Scraper run started ===
2026-09-14 04:17:01 [INFO] Starting download: https://raw.githubusercontent.com/sportlive18/jio-tv-auto-update-playlist/main/Sport.m3u
2026-09-14 04:17:01 [INFO] Download successful
2026-09-14 04:17:01 [INFO] Playlist saved to stv5.m3u
2026-09-14 04:17:01 [INFO] === Scraper run finished ===
2026-09-14 12:19:58 [INFO] === Scraper run started ===
2026-09-14 12:19:58 [INFO] Starting download: https://raw.githubusercontent.com/sportlive18/jio-tv-auto-update-playlist/main/Sport.m3u
2026-09-14 12:19:59 [INFO] Download successful
2026-09-14 12:19:59 [INFO] Playlist saved to stv5.m3u
2026-09-14 12:19:59 [INFO] === Scraper run finished ===
2026-09-14 21:40:45 [INFO] === Scraper run started ===
2026-09-14 21:40:45 [INFO] Starting download: https://raw.githubusercontent.com/sportlive18/jio-tv-auto-update-playlist/main/Sport.m3u
2026-09-14 21:40:45 [INFO] Download successful
2026-09-14 21:40:45 [INFO] Playlist saved to stv5.m3u
2026-09-14 21:40:45 [INFO] === Scraper run finished ===
2026-09-15 04:17:04 [INFO] === Scraper run started ===
2026-09-15 04:17:04 [INFO] Starting download: https://raw.githubusercontent.com/sportlive18/jio-tv-auto-update-playlist/main/Sport.m3u
2026-09-15 04:17:04 [INFO] Download successful
2026-09-15 04:17:04 [INFO] Playlist saved to stv5.m3u
2026-09-15 04:17:04 [INFO] === Scraper run finished ===
2026-09-15 11:26:56 [INFO] === Scraper run started ===
2026-09-15 11:26:56 [INFO] Starting download: https://raw.githubusercontent.com/sportlive18/jio-tv-auto-update-playlist/main/Sport.m3u
2026-09-15 11:26:56 [INFO] Download successful
2026-09-15 11:26:56 [INFO] Playlist saved to stv5.m3u
2026-09-15 11:26:56 [INFO] === Scraper run finished ===
2026-09-15 16:39:17 [INFO] === Scraper run started ===
2026-09-15 16:39:17 [INFO] Starting download: https://raw.githubusercontent.com/sportlive18/jio-tv-auto-update-playlist/main/Sport.m3u
2026-09-15 16:39:18 [INFO] Download successful
2026-09-15 16:39:18 [INFO] Playlist saved to stv5.m3u
2026-09-15 16:39:18 [INFO] === Scraper run finished ===
2026-09-15 21:04:13 [INFO] === Scraper run started ===
2026-09-15 21:04:13 [INFO] Starting download: https://raw.githubusercontent.com/sportlive18/jio-tv-auto-update-playlist/main/Sport.m3u
2026-09-15 21:04:13 [INFO] Download successful
2026-09-15 21:04:13 [INFO] Playlist saved to stv5.m3u
2026-09-15 21:04:13 [INFO] === Scraper run finished ===
2026-09-16 04:13:07 [INFO] === Scraper run started ===
2026-09-16 04:13:07 [INFO] Starting download: https://raw.githubusercontent.com/sportlive18/jio-tv-auto-update-playlist/main/Sport.m3u
2026-09-16 04:13:08 [INFO] Download successful
2026-09-16 04:13:08 [INFO] Playlist saved to stv5.m3u
2026-09-16 04:13:08 [INFO] === Scraper run finished ===
2026-09-16 11:12:40 [INFO] === Scraper run started ===
2026-09-16 11:12:40 [INFO] Starting download: https://raw.githubusercontent.com/sportlive18/jio-tv-auto-update-playlist/main/Sport.m3u
2026-09-16 11:12:40 [INFO] Download successful
2026-09-16 11:12:40 [INFO] Playlist saved to stv5.m3u
2026-09-16 11:12:40 [INFO] === Scraper run finished ===
2026-09-16 16:32:31 [INFO] === Scraper run started ===
2026-09-16 16:32:31 [INFO] Starting download: https://raw.githubusercontent.com/sportlive18/jio-tv-auto-update-playlist/main/Sport.m3u
2026-09-16 16:32:31 [INFO] Download successful
2026-09-16 16:32:31 [INFO] Playlist saved to stv5.m3u
2026-09-16 16:32:31 [INFO] === Scraper run finished ===
2026-09-16 21:06:08 [INFO] === Scraper run started ===
2026-09-16 21:06:08 [INFO] Starting download: https://raw.githubusercontent.com/sportlive18/jio-tv-auto-update-playlist/main/Sport.m3u
2026-09-16 21:06:08 [INFO] Download successful
2026-09-16 21:06:08 [INFO] Playlist saved to stv5.m3u
2026-09-16 21:06:08 [INFO] === Scraper run finished ===
2026-09-17 04:19:51 [INFO] === Scraper run started ===
2026-09-17 04:19:51 [INFO] Starting download: https://raw.githubusercontent.com/sportlive18/jio-tv-auto-update-playlist/main/Sport.m3u
2026-09-17 04:19:52 [INFO] Download successful
2026-09-17 04:19:52 [INFO] Playlist saved to stv5.m3u
2026-09-17 04:19:52 [INFO] === Scraper run finished ===
2026-09-17 11:20:32 [INFO] === Scraper run started ===
2026-09-17 11:20:32 [INFO] Starting download: https://raw.githubusercontent.com/sportlive18/jio-tv-auto-update-playlist/main/Sport.m3u
2026-09-17 11:20:32 [INFO] Download successful
2026-09-17 11:20:32 [INFO] Playlist saved to stv5.m3u
2026-09-17 11:20:32 [INFO] === Scraper run finished ===
2026-09-17 16:37:34 [INFO] === Scraper run started ===
2026-09-17 16:37:34 [INFO] Starting download: https://raw.githubusercontent.com/sportlive18/jio-tv-auto-update-playlist/main/Sport.m3u
2026-09-17 16:37:34 [INFO] Download successful
2026-09-17 16:37:34 [INFO] Playlist saved to stv5.m3u
2026-09-17 16:37:34 [INFO] === Scraper run finished ===
2026-09-17 21:08:50 [INFO] === Scraper run started ===
2026-09-17 21:08:50 [INFO] Starting download: https://raw.githubusercontent.com/sportlive18/jio-tv-auto-update-playlist/main/Sport.m3u
2026-09-17 21:08:51 [INFO] Download successful
2026-09-17 21:08:51 [INFO] Playlist saved to stv5.m3u
2026-09-17 21:08:51 [INFO] === Scraper run finished ===
2026-09-18 04:03:22 [INFO] === Scraper run started ===
2026-09-18 04:03:22 [INFO] Starting download: https://raw.githubusercontent.com/sportlive18/jio-tv-auto-update-playlist/main/Sport.m3u
2026-09-18 04:03:22 [INFO] Download successful
2026-09-18 04:03:22 [INFO] Playlist saved to stv5.m3u
2026-09-18 04:03:22 [INFO] === Scraper run finished ===
2026-09-18 10:55:15 [INFO] === Scraper run started ===
2026-09-18 10:55:15 [INFO] Starting download: https://raw.githubusercontent.com/sportlive18/jio-tv-auto-update-playlist/main/Sport.m3u
2026-09-18 10:55:15 [INFO] Download successful
2026-09-18 10:55:15 [INFO] Playlist saved to stv5.m3u
2026-09-18 10:55:15 [INFO] === Scraper run finished ===
2026-09-18 16:09:12 [INFO] === Scraper run started ===
2026-09-18 16:09:12 [INFO] Starting download: https://raw.githubusercontent.com/sportlive18/jio-tv-auto-update-playlist/main/Sport.m3u
2026-09-18 16:09:12 [INFO] Download successful
2026-09-18 16:09:12 [INFO] Playlist saved to stv5.m3u
2026-09-18 16:09:12 [INFO] === Scraper run finished ===
2026-09-18 20:41:21 [INFO] === Scraper run started ===
2026-09-18 20:41:21 [INFO] Starting download: https://raw.githubusercontent.com/sportlive18/jio-tv-auto-update-playlist/main/Sport.m3u
2026-09-18 20:41:21 [INFO] Download successful
2026-09-18 20:41:21 [INFO] Playlist saved to stv5.m3u
2026-09-18 20:41:21 [INFO] === Scraper run finished ===
2026-09-19 04:00:23 [INFO] === Scraper run started ===
2026-09-19 04:00:23 [INFO] Starting download: https://raw.githubusercontent.com/sportlive18/jio-tv-auto-update-playlist/main/Sport.m3u
2026-09-19 04:00:24 [INFO] Download successful
2026-09-19 04:00:24 [INFO] Playlist saved to stv5.m3u
2026-09-19 04:00:24 [INFO] === Scraper run finished ===
2026-09-19 10:37:45 [INFO] === Scraper run started ===
2026-09-19 10:37:45 [INFO] Starting download: https://raw.githubusercontent.com/sportlive18/jio-tv-auto-update-playlist/main/Sport.m3u
2026-09-19 10:37:46 [INFO] Download successful
2026-09-19 10:37:46 [INFO] Playlist saved to stv5.m3u
2026-09-19 10:37:46 [INFO] === Scraper run finished ===
2026-09-19 15:41:03 [INFO] === Scraper run started ===
2026-09-19 15:41:03 [INFO] Starting download: https://raw.githubusercontent.com/sportlive18/jio-tv-auto-update-playlist/main/Sport.m3u
2026-09-19 15:41:03 [INFO] Download successful
2026-09-19 15:41:03 [INFO] Playlist saved to stv5.m3u
2026-09-19 15:41:03 [INFO] === Scraper run finished ===
2026-09-19 20:20:37 [INFO] === Scraper run started ===
2026-09-19 20:20:37 [INFO] Starting download: https://raw.githubusercontent.com/sportlive18/jio-tv-auto-update-playlist/main/Sport.m3u
2026-09-19 20:20:37 [INFO] Download successful
2026-09-19 20:20:37 [INFO] Playlist saved to stv5.m3u
2026-09-19 20:20:37 [INFO] === Scraper run finished ===
